C51 COMPILER V9.56.0.0   CALC8051C                                                         09/06/2017 21:22:09 PAGE 1   


C51 COMPILER V9.56.0.0, COMPILATION OF MODULE CALC8051C
OBJECT MODULE PLACED IN .\Objects\calc8051C.obj
COMPILER INVOKED BY: C:\Keil_v5\C51\BIN\C51.EXE calc8051C.c OPTIMIZE(8,SPEED) BROWSE DEBUG OBJECTEXTEND CODE LISTINCLUDE
                    - SYMBOLS PRINT(.\Listings\calc8051C.lst) TABS(2) OBJECT(.\Objects\calc8051C.obj)

line level    source

   1          /*Kütüphaneler*/
   2          #include <stdio.h>
   1      =1  /*--------------------------------------------------------------------------
   2      =1  STDIO.H
   3      =1  
   4      =1  Prototypes for standard I/O functions.
   5      =1  Copyright (c) 1988-2002 Keil Elektronik GmbH and Keil Software, Inc.
   6      =1  All rights reserved.
   7      =1  --------------------------------------------------------------------------*/
   8      =1  
   9      =1  #ifndef __STDIO_H__
  10      =1  #define __STDIO_H__
  11      =1  
  12      =1  #ifndef EOF
  13      =1   #define EOF -1
  14      =1  #endif
  15      =1  
  16      =1  #ifndef NULL
  17      =1   #define NULL ((void *) 0)
  18      =1  #endif
  19      =1  
  20      =1  #ifndef _SIZE_T
  21      =1   #define _SIZE_T
  22      =1   typedef unsigned int size_t;
  23      =1  #endif
  24      =1  
  25      =1  #pragma SAVE
  26      =1  #pragma REGPARMS
  27      =1  extern char _getkey (void);
  28      =1  extern char getchar (void);
  29      =1  extern char ungetchar (char);
  30      =1  extern char putchar (char);
  31      =1  extern int printf   (const char *, ...);
  32      =1  extern int sprintf  (char *, const char *, ...);
  33      =1  extern int vprintf  (const char *, char *);
  34      =1  extern int vsprintf (char *, const char *, char *);
  35      =1  extern char *gets (char *, int n);
  36      =1  extern int scanf (const char *, ...);
  37      =1  extern int sscanf (char *, const char *, ...);
  38      =1  extern int puts (const char *);
  39      =1  
  40      =1  #pragma RESTORE
  41      =1  
  42      =1  #endif
  43      =1  
   3          #include <89c51rd2.h>
   1      =1  /*-------------------------------------------------------------------------
   2      =1  R89c51rd2.H
   3      =1  
   4      =1  Header file for Temic T89C51RD2
   5      =1    
   6      =1  Copyright (c) 1988-1999 Keil Elektronik GmbH and Keil Software, Inc.
   7      =1  All rights reserved.
   8      =1  -------------------------------------------------------------------------*/
C51 COMPILER V9.56.0.0   CALC8051C                                                         09/06/2017 21:22:09 PAGE 2   

   9      =1  sfr  P0      =   0x80;       
  10      =1  
  11      =1  sbit  P0_7    =   P0^7;
  12      =1  sbit  P0_6    =   P0^6;
  13      =1  sbit  P0_5    =   P0^5;
  14      =1  sbit  P0_4    =   P0^4;
  15      =1  sbit  P0_3    =   P0^3;
  16      =1  sbit  P0_2    =   P0^2;
  17      =1  sbit  P0_1    =   P0^1;
  18      =1  sbit  P0_0    =   P0^0;
  19      =1  
  20      =1  sfr  SP      =   0x81;
  21      =1  sfr  DPL     =   0x82;
  22      =1  sfr  DPH     =   0x83;
  23      =1  
  24      =1  sfr  PCON    =   0x87;       
  25      =1  
  26      =1  sfr  TCON    =   0x88;             
  27      =1  
  28      =1  sbit  TF1    =   TCON^7;
  29      =1  sbit  TR1    =   TCON^6;
  30      =1  sbit  TF0    =   TCON^5;
  31      =1  sbit  TR0    =   TCON^4;
  32      =1  sbit  IE1_   =   TCON^3;
  33      =1  sbit  IT1    =   TCON^2;
  34      =1  sbit  IE0_   =   TCON^1;
  35      =1  sbit  IT0    =   TCON^0;
  36      =1  
  37      =1  sfr  TMOD    =   0x89;       
  38      =1  
  39      =1  sfr  TL0     =   0x8A;       
  40      =1  
  41      =1  sfr  TL1     =   0x8B;       
  42      =1  
  43      =1  sfr  TH0     =   0x8C;       
  44      =1  
  45      =1  sfr  TH1     =   0x8D;       
  46      =1  
  47      =1  sfr  CKCON      =   0x8F;      
  48      =1  
  49      =1  
  50      =1  sfr  P1      =   0x90;       
  51      =1  
  52      =1  sbit  P1_7    =   P1^7;
  53      =1  sbit  P1_6    =   P1^6;
  54      =1  sbit  P1_5    =   P1^5;
  55      =1  sbit  P1_4    =   P1^4;
  56      =1  sbit  P1_3    =   P1^3;
  57      =1  sbit  P1_2    =   P1^2;
  58      =1  sbit  P1_1    =   P1^1;
  59      =1  sbit  P1_0    =   P1^0;
  60      =1  
  61      =1  sbit  CEX4    =   P1^7;
  62      =1  sbit  CEX3    =   P1^6;
  63      =1  sbit  CEX2    =   P1^5;
  64      =1  sbit  CEX1    =   P1^4;
  65      =1  sbit  CEX0    =   P1^3;
  66      =1  sbit  ECI     =   P1^2;
  67      =1  sbit  T2EX    =   P1^1;
  68      =1  sbit  T2      =   P1^0;
  69      =1  
  70      =1  sfr  SCON    =   0x98;       
C51 COMPILER V9.56.0.0   CALC8051C                                                         09/06/2017 21:22:09 PAGE 3   

  71      =1  
  72      =1  sfr  SCON_1    =   0xC0;       
  73      =1  
  74      =1  sbit  SM0    =   SCON^7;
  75      =1  sbit  FE     =   SCON^7;
  76      =1  sbit  SM1    =   SCON^6;
  77      =1  sbit  SM2    =   SCON^5;
  78      =1  sbit  REN    =   SCON^4;
  79      =1  sbit  TB8    =   SCON^3;
  80      =1  sbit  RB8    =   SCON^2;
  81      =1  sbit  TI     =   SCON^1;
  82      =1  sbit  RI     =   SCON^0;
  83      =1  
  84      =1  sfr  SBUF    =   0x99;       
  85      =1  
  86      =1  sfr  SBUF_1  =   0xC1;             
  87      =1  
  88      =1  sfr  BRL  =     0x9A;                
  89      =1  
  90      =1  sfr  P2      =   0xA0;       
  91      =1  
  92      =1  sbit  P2_7    =   P2^7;
  93      =1  sbit  P2_6    =   P2^6;
  94      =1  sbit  P2_5    =   P2^5;
  95      =1  sbit  P2_4    =   P2^4;
  96      =1  sbit  P2_3    =   P2^3;
  97      =1  sbit  P2_2    =   P2^2;
  98      =1  sbit  P2_1    =   P2^1;
  99      =1  sbit  P2_0    =   P2^0;
 100      =1  
 101      =1  sfr  P4 = 0xC0;
 102      =1  sbit  P4_2    =   P4^2;
 103      =1  sbit  P4_1    =   P4^1;
 104      =1  sbit  P4_0    =   P4^0;
 105      =1  
 106      =1  
 107      =1  
 108      =1  sfr  WDTRST  =   0xA6;       
 109      =1  sfr  WDTPRG  =   0xA7;       
 110      =1  
 111      =1  sfr  AUXR1  =   0xA2;              
 112      =1  
 113      =1  sfr  IE     =   0xA8;          
 114      =1  sfr  IE0    =   0xA8;
 115      =1  
 116      =1  sbit  EA     =   IE^7;
 117      =1  sbit  EC     =   IE^6;
 118      =1  sbit  ET2    =   IE^5;
 119      =1  sbit  ES     =   IE^4;
 120      =1  sbit  ET1    =   IE^3;
 121      =1  sbit  EX1    =   IE^2;
 122      =1  sbit  ET0    =   IE^1;
 123      =1  sbit  EX0    =   IE^0;
 124      =1  
 125      =1  sfr  SADDR   =   0xA9;       
 126      =1  
 127      =1  
 128      =1  sfr  SADDR_1   =   0xAA;       
 129      =1  
 130      =1  sfr  P3      =   0xB0;       
 131      =1  
 132      =1  sbit  P3_7    =   P3^7;
C51 COMPILER V9.56.0.0   CALC8051C                                                         09/06/2017 21:22:09 PAGE 4   

 133      =1  sbit  P3_6    =   P3^6;
 134      =1  sbit  P3_5    =   P3^5;
 135      =1  sbit  P3_4    =   P3^4;
 136      =1  sbit  P3_3    =   P3^3;
 137      =1  sbit  P3_2    =   P3^2;
 138      =1  sbit  P3_1    =   P3^1;
 139      =1  sbit  P3_0    =   P3^0;
 140      =1  
 141      =1  sbit  RD      =   P3^7;
 142      =1  sbit  WR      =   P3^6;
 143      =1  sbit  T1      =   P3^5;
 144      =1  sbit  T0      =   P3^4;
 145      =1  sbit  INT1    =   P3^3;
 146      =1  sbit  INT0    =   P3^2;
 147      =1  sbit  TXD     =   P3^1;
 148      =1  sbit  RXD     =   P3^0;
 149      =1  
 150      =1  sfr  IPH    =   0xB7;          
 151      =1  sfr  IPH0    =   0xB7;
 152      =1  
 153      =1  sfr  AUXR   =   0x8E;        
 154      =1  
 155      =1  sfr  SADEN   =   0xB9;       
 156      =1  
 157      =1  sfr  SADEN_1   =   0xBA;        
 158      =1  
 159      =1  sfr  IPL    =   0xB8;          
 160      =1  sfr  IPL0    =   0xB8;  
 161      =1  
 162      =1  sbit  IPLC     =   IPL^6;
 163      =1  sbit  IPLT2    =   IPL^5;
 164      =1  sbit  IPLS     =   IPL^4;
 165      =1  sbit  IPLT1    =   IPL^3;
 166      =1  sbit  IPLX1    =   IPL^2;
 167      =1  sbit  IPLT0    =   IPL^1;
 168      =1  sbit  IPLX0    =   IPL^0;
 169      =1  
 170      =1  sfr  T2CON   =   0xC8;             
 171      =1  
 172      =1  sbit  TF2    =   T2CON^7;
 173      =1  sbit  EXF2   =   T2CON^6;
 174      =1  sbit  RCLK   =   T2CON^5;
 175      =1  sbit  TCLK   =   T2CON^4;
 176      =1  sbit  EXEN2  =   T2CON^3;
 177      =1  sbit  TR2    =   T2CON^2;
 178      =1  sbit  CT2    =   T2CON^1;
 179      =1  sbit  CPRL2  =   T2CON^0;
 180      =1  
 181      =1  sfr  T2MOD   =   0xC9;       
 182      =1  
 183      =1  sfr  RCAP2L  =   0xCA;       
 184      =1  sfr  RCAP2H  =   0xCB;       
 185      =1  sfr  TL2     =   0xCC;       
 186      =1  sfr  TH2     =   0xCD;       
 187      =1  
 188      =1  sfr  BDRCON  =   0x9B;       
 189      =1  
 190      =1  sfr  BDRCON_1  =   0x9C;       
 191      =1  
 192      =1  
 193      =1  sfr  PSW     =   0xD0;       
 194      =1  sbit  CY     =   PSW^7;
C51 COMPILER V9.56.0.0   CALC8051C                                                         09/06/2017 21:22:09 PAGE 5   

 195      =1  sbit  AC     =   PSW^6;
 196      =1  sbit  F0     =   PSW^5;
 197      =1  sbit  RS1    =   PSW^4;
 198      =1  sbit  RS0    =   PSW^3;
 199      =1  sbit  OV     =   PSW^2;
 200      =1  sbit  UD     =   PSW^1;
 201      =1  sbit  P      =   PSW^0;
 202      =1  
 203      =1  sfr  CCON    =   0xD8;       
 204      =1  
 205      =1  sbit  CF      =   CCON^7;
 206      =1  sbit  CR      =   CCON^6;
 207      =1  sbit  CCF4    =   CCON^4;
 208      =1  sbit  CCF3    =   CCON^3;
 209      =1  sbit  CCF2    =   CCON^2;
 210      =1  sbit  CCF1    =   CCON^1;
 211      =1  sbit  CCF0    =   CCON^0;
 212      =1  
 213      =1  sfr  CMOD    =   0xD9;       
 214      =1  
 215      =1  sfr  CCAPM0  =   0xDA;       
 216      =1  sfr  CCAPM1  =   0xDB;       
 217      =1  sfr  CCAPM2  =   0xDC;       
 218      =1  sfr  CCAPM3  =   0xDD;       
 219      =1  sfr  CCAPM4  =   0xDE;       
 220      =1  
 221      =1  #ifndef __A51__
 222      =1  sfr  A       =   0xE0;       
 223      =1  #endif
 224      =1  
 225      =1  sfr  CL      =   0xE9;       
 226      =1  
 227      =1  sfr  CCAP0L  =   0xEA;       
 228      =1  
 229      =1  sfr  CCAP1L  =   0xEB;       
 230      =1  
 231      =1  sfr  CCAP2L  =   0xEC;       
 232      =1  
 233      =1  sfr  CCAP3L  =   0xED;       
 234      =1  
 235      =1  sfr  CCAP4L  =   0xEE;       
 236      =1  
 237      =1  sfr  ACC     =   0xE0;       
 238      =1  sfr  B       =   0xF0;       
 239      =1  
 240      =1  sfr  CH      =   0xF9;       
 241      =1  
 242      =1  sfr  CCAP0H  =   0xFA;       
 243      =1  
 244      =1  sfr  CCAP1H  =   0xFB;        
 245      =1  
 246      =1  sfr  CCAP2H  =   0xFC;       
 247      =1  
 248      =1  sfr  CCAP3H  =   0xFD;       
 249      =1  
 250      =1  sfr  CCAP4H  =   0xFE;       
 251      =1  
 252      =1  sfr  ICON  =   0xFF;               
 253      =1  
 254      =1  sfr  CKSEL  =   0x85;               
 255      =1  
 256      =1  
C51 COMPILER V9.56.0.0   CALC8051C                                                         09/06/2017 21:22:09 PAGE 6   

 257      =1  sfr  OSCCON  =   0x86;               
 258      =1  
 259      =1  
 260      =1  
 261      =1  
 262      =1  
   4          /*KEYPAD (TUS TAKIMI)*/
   5          /*Sütun Tanimlamalari*/
   6          #define Col1 P1_4
   7          #define Col2 P1_5
   8          #define Col3 P1_6
   9          #define Col4 P1_7
  10          /*Satir Tanimlamalari*/
  11          #define RowA P1_0
  12          #define RowB P1_1
  13          #define RowC P1_2
  14          #define RowD P1_3
  15          /*LCD Tanimlamalari*/
  16          #define Data P3
  17          #define RS P2_5
  18          #define RW P2_6
  19          #define EN P2_7
  20          /*Opertatör tanimlamalari*/
  21          bit ilk=0x20^0;
  22          bit ikinci=0x20^1;
  23          bit topla=0x20^2;
  24          bit cikar=0x20^3;
  25          bit carp=0x20^4;
  26          bit bol=0x20^5;
  27          bit esit=0x20^6;
  28          bit son=0x20^7;
  29          /*Fonksiyon tanimlamalari*/
  30          void delay(int k);
  31          void lcdcmd(unsigned char val);
  32          void lcddat(unsigned char val);
  33          void LCD_Hazirla(void);
  34          void sonuc(unsigned short x, unsigned short y);
  35          void yukle( unsigned char w);
  36          void yazdir(char *s);
  37          void sifirla();
  38          
  39          unsigned short f1=0; //ilk sayiyi tutan degisken
  40          unsigned short s1=0; //ikinci sayiyi tutan degisken
  41          unsigned char kontrol=0; //girilen basamak sayisini tutan degisken
  42          
  43          void main(void)
  44          { 
  45   1        LCD_Hazirla(); //Ekrani kullanima hazirla ve temizle 
  46   1        yazdir("HESAP MAKINESINE"); 
  47   1        delay(10); //12 msn bekle
  48   1        lcdcmd(0xC2); // 2.satir 3.sütundan yazmaya basla
  49   1        yazdir("HOSGELDINIZ");  
  50   1        delay(150); //190 msn bekle
  51   1        LCD_Hazirla(); // Ekrani kullanima hazirla ve temizle 
  52   1        
  53   1        while(1) //Keypad'de basilan tuslarin tespiti
  54   1        {
  55   2          Col1=0;
  56   2          while(!Col1)
  57   2          {
  58   3            if(!RowA){
  59   4              lcddat('7');
C51 COMPILER V9.56.0.0   CALC8051C                                                         09/06/2017 21:22:09 PAGE 7   

  60   4              yukle(7);
  61   4              while(!RowA);
  62   4            }                                                    
  63   3            if(!RowB){
  64   4              lcddat('4');
  65   4              yukle(4);
  66   4              while(!RowB);
  67   4            }
  68   3            if(!RowC){
  69   4              lcddat('1');
  70   4              yukle(1);
  71   4              while(!RowC);
  72   4            }
  73   3            if(son) while(RowD); //Islem sonucunda c/ON tusuna basilana kadar bekle.
  74   3            if(!RowD) // c/ON tusu Herseyi sifirla Lcd'yi hazirla 
  75   3            {
  76   4              LCD_Hazirla();  
  77   4            }
  78   3            Col1=1;
  79   3          }
  80   2          Col2=0;
  81   2          while(!Col2)
  82   2          {
  83   3            if(!RowA){
  84   4              lcddat('8');
  85   4              yukle(8);
  86   4              while(!RowA);
  87   4            }
  88   3            if(!RowB){
  89   4              lcddat('5');
  90   4              yukle(5);
  91   4              while(!RowB);
  92   4            }
  93   3            if(!RowC){
  94   4              lcddat('2');
  95   4              yukle(2);
  96   4              while(!RowC);
  97   4            }
  98   3            if(!RowD){
  99   4              lcddat('0');
 100   4              yukle(0);
 101   4              while(!RowD);
 102   4            }
 103   3            Col2=1;
 104   3          }
 105   2          Col3=0;
 106   2          while(!Col3)
 107   2          {
 108   3            if(!RowA){
 109   4              lcddat('9');
 110   4              yukle(9);
 111   4              while(!RowA);
 112   4            }
 113   3            if(!RowB){
 114   4              lcddat('6');
 115   4              yukle(6);
 116   4              while(!RowB);
 117   4            }
 118   3            if(!RowC){
 119   4              lcddat('3');
 120   4              yukle(3);
 121   4              while(!RowC);
C51 COMPILER V9.56.0.0   CALC8051C                                                         09/06/2017 21:22:09 PAGE 8   

 122   4            }
 123   3            if(!RowD){      
 124   4              lcdcmd(0xC0);
 125   4              delay(1);
 126   4              lcddat('=');
 127   4              sonuc(f1,s1);
 128   4              son=1;
 129   4              while(!RowD);
 130   4            }
 131   3            Col3=1;
 132   3          }
 133   2          Col4=0;
 134   2          while(!Col4)//yapilacak islemlerin seçimi
 135   2          { //ilk olarak islem girdisini ve fazladan islem girdisini engellemek için
 136   3            if(!bol && !carp && !cikar && !topla && ilk) 
 137   3            {
 138   4              if(!RowA){
 139   5                lcddat('/');
 140   5                bol=1; 
 141   5                ilk=0; //islem seçiminden sonra ilk bit 0 yapilir.f1 degiskenine ilk sayinin yüklenmesi tamamlanir.
 142   5                ikinci=1; //ikinci bit 1 yapilarak ikinci sayinin girisi s1 degiskenine yüklenmesi saglanir.
 143   5                while(!RowA);
 144   5              }
 145   4              if(!RowB){
 146   5                lcddat('x');
 147   5                carp=1;
 148   5                ilk=0;
 149   5                ikinci=1;
 150   5                while(!RowB);
 151   5              }
 152   4              if(!RowC){
 153   5                lcddat('-');
 154   5                cikar=1;
 155   5                ilk=0;
 156   5                ikinci=1;
 157   5                while(!RowC);
 158   5              }
 159   4              if(!RowD){
 160   5                lcddat('+');
 161   5                topla=1;
 162   5                ilk=0;
 163   5                ikinci=1;
 164   5                while(!RowD);
 165   5              }
 166   4            }
 167   3          Col4=1;
 168   3          }
 169   2        }
 170   1      }
 171          void yukle( unsigned char w)
 172          {
 173   1          kontrol++;
 174   1          if((kontrol==3 && topla==0 && cikar==0 && carp==0 && bol==0) ||  
 175   1            (kontrol==5 && (topla==1 || cikar==1 || carp==1 || bol==1)))  
 176   1          { //ilk veya ikinci sayida 2 basamaktan fazla sayi girilmesi durumunda 
 177   2            //HATA mesaji verir ve herseyi sifirlar.
 178   2            LCD_Hazirla();
 179   2            yazdir("! ! H A T A ! !");
 180   2            delay(200);
 181   2            LCD_Hazirla();
 182   2          }else if(!ikinci && !ilk){  //0-0
 183   2            f1=w;
C51 COMPILER V9.56.0.0   CALC8051C                                                         09/06/2017 21:22:09 PAGE 9   

 184   2            ilk=1;
 185   2          }
 186   1          else if(!ikinci && ilk){ //0-1
 187   2            f1=(f1*10)+w;
 188   2            ilk=0;
 189   2            ikinci=1;     
 190   2          }
 191   1          else if(ikinci && !ilk){ //1-0
 192   2            s1=w;
 193   2            ilk=1;
 194   2            ikinci=1;
 195   2          }else if(ikinci && ilk ){ //1-1
 196   2            s1=(s1*10)+w;
 197   2            ilk=0;
 198   2            ikinci=0;
 199   2          }
 200   1      }
 201          void sonuc(unsigned short x, unsigned short y)
 202          {
 203   1        short binler=0;
 204   1        short yuzler=0;
 205   1      
 206   1        if(topla==1) x=x+y;
 207   1        if(cikar==1){
 208   2          if(x>=y) x=x-y;
 209   2          else {
 210   3            x=y-x; //ilk sayi ikinci sayidan küçük oldugunda ikinci sayidan birinci sayi çikartilir.
 211   3            lcddat('-'); //islem sonucu - olacagindan ekrana  - yazdirilir.
 212   3          }
 213   2        }
 214   1        if(bol==1)  x=x/y;
 215   1        if(carp==1) x=x*y;
 216   1        if(x>999){
 217   2          binler=x/1000;//1000'ler basamagi
 218   2          yuzler=x%1000;//1000'lerden kalan 100'ler
 219   2          x=yuzler%100;// yüzden kalan iki basamak
 220   2          yuzler/=100;//yuzler basamagi
 221   2        }else if(x>99){
 222   2          yuzler=x/100;//100'ler basamagi
 223   2          x=x%100;// yüzden kalan iki basamak
 224   2        }
 225   1        y=x%10;
 226   1        x/=10;
 227   1        binler+=48;
 228   1        yuzler+=48;
 229   1        x+=48;
 230   1        y+=48;
 231   1        if(binler!=48){ 
 232   2          lcddat(binler);
 233   2          lcddat(yuzler);
 234   2          lcddat(x);
 235   2        }else if(yuzler!=48){
 236   2          lcddat(yuzler);
 237   2          lcddat(x);
 238   2        }else if(x!=48) lcddat(x);
 239   1        lcddat(y);
 240   1      }
 241          void delay(int k)
 242          {/*ekrana veri ve komut gönderirken bekleme süresi ayarlar*/
 243   1        int i,j;
 244   1        for(i=0;i<k;i++)
 245   1          for(j=0;j<1275;j++);
C51 COMPILER V9.56.0.0   CALC8051C                                                         09/06/2017 21:22:09 PAGE 10  

 246   1      }
 247          void lcdcmd(unsigned char val)
 248          {/*LCD'ye komut gönderme fonksiyonu*/
 249   1        P3=val;
 250   1        RS=0;
 251   1        RW=0;
 252   1        EN=1;
 253   1        delay(1);
 254   1        EN=0;
 255   1      }
 256          void lcddat(unsigned char val)
 257          {/*LCD'ye veri gönderme fonksiyonu*/
 258   1        P3=val;
 259   1        RS=1;
 260   1        RW=0;
 261   1        EN=1;
 262   1        delay(1);
 263   1        EN=0;
 264   1      }
 265          void LCD_Hazirla(void)
 266          {/*LCD hazirlama fonksiyonu*/
 267   1        P3=0X00;
 268   1          lcdcmd(0x38);//LCD'yi hazirla
 269   1          delay(1);
 270   1          lcdcmd(0x01);//Ekrani sil
 271   1          delay(1);
 272   1          lcdcmd(0x10);//Saga kayidir
 273   1          delay(1);
 274   1          lcdcmd(0x0f);//göstergeyi aç, küsros görünmesin
 275   1          delay(1);
 276   1          lcdcmd(0x80);//birinci satirin baslangiç adresi
 277   1          sifirla();
 278   1      }
 279          void yazdir(char *s) //puts function to print a string
 280          {
 281   1        unsigned int p=0;
 282   1        for(;s[p]!=0;p++)
 283   1          lcddat(s[p]);
 284   1      }
 285          void sifirla(){
 286   1        ilk=0;
 287   1        ikinci=0;
 288   1        topla=0;
 289   1        cikar=0;
 290   1        carp=0;
 291   1        bol=0;
 292   1        esit=0;
 293   1        son=0;
 294   1        f1=0;
 295   1        s1=0;
 296   1        kontrol=0;
 297   1        
 298   1      }
C51 COMPILER V9.56.0.0   CALC8051C                                                         09/06/2017 21:22:09 PAGE 11  

ASSEMBLY LISTING OF GENERATED OBJECT CODE


             ; FUNCTION main (BEGIN)
                                           ; SOURCE LINE # 43
                                           ; SOURCE LINE # 44
                                           ; SOURCE LINE # 45
0000 120000      R     LCALL   LCD_Hazirla
                                           ; SOURCE LINE # 46
0003 7BFF              MOV     R3,#0FFH
0005 7A00        R     MOV     R2,#HIGH ?SC_0
0007 7900        R     MOV     R1,#LOW ?SC_0
0009 120000      R     LCALL   _yazdir
                                           ; SOURCE LINE # 47
000C 7F0A              MOV     R7,#0AH
000E 7E00              MOV     R6,#00H
0010 120000      R     LCALL   _delay
                                           ; SOURCE LINE # 48
0013 7FC2              MOV     R7,#0C2H
0015 120000      R     LCALL   _lcdcmd
                                           ; SOURCE LINE # 49
0018 7BFF              MOV     R3,#0FFH
001A 7A00        R     MOV     R2,#HIGH ?SC_17
001C 7900        R     MOV     R1,#LOW ?SC_17
001E 120000      R     LCALL   _yazdir
                                           ; SOURCE LINE # 50
0021 7F96              MOV     R7,#096H
0023 7E00              MOV     R6,#00H
0025 120000      R     LCALL   _delay
                                           ; SOURCE LINE # 51
0028 120000      R     LCALL   LCD_Hazirla
002B         ?C0001:
                                           ; SOURCE LINE # 53
                                           ; SOURCE LINE # 54
                                           ; SOURCE LINE # 55
002B C294              CLR     P1_4
002D         ?C0003:
                                           ; SOURCE LINE # 56
002D 209440            JB      P1_4,?C0004
                                           ; SOURCE LINE # 57
                                           ; SOURCE LINE # 58
0030 20900D            JB      P1_0,?C0005
                                           ; SOURCE LINE # 59
0033 7F37              MOV     R7,#037H
0035 120000      R     LCALL   _lcddat
                                           ; SOURCE LINE # 60
0038 7F07              MOV     R7,#07H
003A 120000      R     LCALL   _yukle
003D         ?C0006:
                                           ; SOURCE LINE # 61
003D 3090FD            JNB     P1_0,?C0006
0040         ?C0007:
                                           ; SOURCE LINE # 62
0040         ?C0005:
                                           ; SOURCE LINE # 63
0040 20910D            JB      P1_1,?C0008
                                           ; SOURCE LINE # 64
0043 7F34              MOV     R7,#034H
0045 120000      R     LCALL   _lcddat
                                           ; SOURCE LINE # 65
0048 7F04              MOV     R7,#04H
004A 120000      R     LCALL   _yukle
C51 COMPILER V9.56.0.0   CALC8051C                                                         09/06/2017 21:22:09 PAGE 12  

004D         ?C0009:
                                           ; SOURCE LINE # 66
004D 3091FD            JNB     P1_1,?C0009
0050         ?C0010:
                                           ; SOURCE LINE # 67
0050         ?C0008:
                                           ; SOURCE LINE # 68
0050 20920D            JB      P1_2,?C0011
                                           ; SOURCE LINE # 69
0053 7F31              MOV     R7,#031H
0055 120000      R     LCALL   _lcddat
                                           ; SOURCE LINE # 70
0058 7F01              MOV     R7,#01H
005A 120000      R     LCALL   _yukle
005D         ?C0012:
                                           ; SOURCE LINE # 71
005D 3092FD            JNB     P1_2,?C0012
0060         ?C0013:
                                           ; SOURCE LINE # 72
0060         ?C0011:
                                           ; SOURCE LINE # 73
0060 300003      R     JNB     son,?C0014
0063         ?C0015:
0063 2093FD            JB      P1_3,?C0015
0066         ?C0016:
0066         ?C0014:
                                           ; SOURCE LINE # 74
0066 209303            JB      P1_3,?C0017
                                           ; SOURCE LINE # 75
                                           ; SOURCE LINE # 76
0069 120000      R     LCALL   LCD_Hazirla
                                           ; SOURCE LINE # 77
006C         ?C0017:
                                           ; SOURCE LINE # 78
006C D294              SETB    P1_4
                                           ; SOURCE LINE # 79
006E 80BD              SJMP    ?C0003
0070         ?C0004:
                                           ; SOURCE LINE # 80
0070 C295              CLR     P1_5
0072         ?C0018:
                                           ; SOURCE LINE # 81
0072 209544            JB      P1_5,?C0019
                                           ; SOURCE LINE # 82
                                           ; SOURCE LINE # 83
0075 20900D            JB      P1_0,?C0020
                                           ; SOURCE LINE # 84
0078 7F38              MOV     R7,#038H
007A 120000      R     LCALL   _lcddat
                                           ; SOURCE LINE # 85
007D 7F08              MOV     R7,#08H
007F 120000      R     LCALL   _yukle
0082         ?C0021:
                                           ; SOURCE LINE # 86
0082 3090FD            JNB     P1_0,?C0021
0085         ?C0022:
                                           ; SOURCE LINE # 87
0085         ?C0020:
                                           ; SOURCE LINE # 88
0085 20910D            JB      P1_1,?C0023
                                           ; SOURCE LINE # 89
0088 7F35              MOV     R7,#035H
C51 COMPILER V9.56.0.0   CALC8051C                                                         09/06/2017 21:22:09 PAGE 13  

008A 120000      R     LCALL   _lcddat
                                           ; SOURCE LINE # 90
008D 7F05              MOV     R7,#05H
008F 120000      R     LCALL   _yukle
0092         ?C0024:
                                           ; SOURCE LINE # 91
0092 3091FD            JNB     P1_1,?C0024
0095         ?C0025:
                                           ; SOURCE LINE # 92
0095         ?C0023:
                                           ; SOURCE LINE # 93
0095 20920D            JB      P1_2,?C0026
                                           ; SOURCE LINE # 94
0098 7F32              MOV     R7,#032H
009A 120000      R     LCALL   _lcddat
                                           ; SOURCE LINE # 95
009D 7F02              MOV     R7,#02H
009F 120000      R     LCALL   _yukle
00A2         ?C0027:
                                           ; SOURCE LINE # 96
00A2 3092FD            JNB     P1_2,?C0027
00A5         ?C0028:
                                           ; SOURCE LINE # 97
00A5         ?C0026:
                                           ; SOURCE LINE # 98
00A5 20930D            JB      P1_3,?C0029
                                           ; SOURCE LINE # 99
00A8 7F30              MOV     R7,#030H
00AA 120000      R     LCALL   _lcddat
                                           ; SOURCE LINE # 100
00AD E4                CLR     A
00AE FF                MOV     R7,A
00AF 120000      R     LCALL   _yukle
00B2         ?C0030:
                                           ; SOURCE LINE # 101
00B2 3093FD            JNB     P1_3,?C0030
00B5         ?C0031:
                                           ; SOURCE LINE # 102
00B5         ?C0029:
                                           ; SOURCE LINE # 103
00B5 D295              SETB    P1_5
                                           ; SOURCE LINE # 104
00B7 80B9              SJMP    ?C0018
00B9         ?C0019:
                                           ; SOURCE LINE # 105
00B9 C296              CLR     P1_6
00BB         ?C0032:
                                           ; SOURCE LINE # 106
00BB 209654            JB      P1_6,?C0033
                                           ; SOURCE LINE # 107
                                           ; SOURCE LINE # 108
00BE 20900D            JB      P1_0,?C0034
                                           ; SOURCE LINE # 109
00C1 7F39              MOV     R7,#039H
00C3 120000      R     LCALL   _lcddat
                                           ; SOURCE LINE # 110
00C6 7F09              MOV     R7,#09H
00C8 120000      R     LCALL   _yukle
00CB         ?C0035:
                                           ; SOURCE LINE # 111
00CB 3090FD            JNB     P1_0,?C0035
00CE         ?C0036:
C51 COMPILER V9.56.0.0   CALC8051C                                                         09/06/2017 21:22:09 PAGE 14  

                                           ; SOURCE LINE # 112
00CE         ?C0034:
                                           ; SOURCE LINE # 113
00CE 20910D            JB      P1_1,?C0037
                                           ; SOURCE LINE # 114
00D1 7F36              MOV     R7,#036H
00D3 120000      R     LCALL   _lcddat
                                           ; SOURCE LINE # 115
00D6 7F06              MOV     R7,#06H
00D8 120000      R     LCALL   _yukle
00DB         ?C0038:
                                           ; SOURCE LINE # 116
00DB 3091FD            JNB     P1_1,?C0038
00DE         ?C0039:
                                           ; SOURCE LINE # 117
00DE         ?C0037:
                                           ; SOURCE LINE # 118
00DE 20920D            JB      P1_2,?C0040
                                           ; SOURCE LINE # 119
00E1 7F33              MOV     R7,#033H
00E3 120000      R     LCALL   _lcddat
                                           ; SOURCE LINE # 120
00E6 7F03              MOV     R7,#03H
00E8 120000      R     LCALL   _yukle
00EB         ?C0041:
                                           ; SOURCE LINE # 121
00EB 3092FD            JNB     P1_2,?C0041
00EE         ?C0042:
                                           ; SOURCE LINE # 122
00EE         ?C0040:
                                           ; SOURCE LINE # 123
00EE 20931D            JB      P1_3,?C0043
                                           ; SOURCE LINE # 124
00F1 7FC0              MOV     R7,#0C0H
00F3 120000      R     LCALL   _lcdcmd
                                           ; SOURCE LINE # 125
00F6 120000      R     LCALL   L?0112
                                           ; SOURCE LINE # 126
00F9 7F3D              MOV     R7,#03DH
00FB 120000      R     LCALL   _lcddat
                                           ; SOURCE LINE # 127
00FE AD00        R     MOV     R5,s1+01H
0100 AC00        R     MOV     R4,s1
0102 AF00        R     MOV     R7,f1+01H
0104 AE00        R     MOV     R6,f1
0106 120000      R     LCALL   _sonuc
                                           ; SOURCE LINE # 128
0109 D200        R     SETB    son
010B         ?C0044:
                                           ; SOURCE LINE # 129
010B 3093FD            JNB     P1_3,?C0044
010E         ?C0045:
                                           ; SOURCE LINE # 130
010E         ?C0043:
                                           ; SOURCE LINE # 131
010E D296              SETB    P1_6
                                           ; SOURCE LINE # 132
0110 80A9              SJMP    ?C0032
0112         ?C0033:
                                           ; SOURCE LINE # 133
0112 C297              CLR     P1_7
0114         ?C0046:
C51 COMPILER V9.56.0.0   CALC8051C                                                         09/06/2017 21:22:09 PAGE 15  

                                           ; SOURCE LINE # 134
0114 309703            JNB     P1_7,$ + 6H
0117 020000      R     LJMP    ?C0001
                                           ; SOURCE LINE # 135
                                           ; SOURCE LINE # 136
011A 200050      R     JB      bol,?C0048
011D 20004D      R     JB      carp,?C0048
0120 20004A      R     JB      cikar,?C0048
0123 200047      R     JB      topla,?C0048
0126 300044      R     JNB     ilk,?C0048
                                           ; SOURCE LINE # 137
                                           ; SOURCE LINE # 138
0129 20900E            JB      P1_0,?C0049
                                           ; SOURCE LINE # 139
012C 7F2F              MOV     R7,#02FH
012E 120000      R     LCALL   _lcddat
                                           ; SOURCE LINE # 140
0131 D200        R     SETB    bol
                                           ; SOURCE LINE # 141
0133 C200        R     CLR     ilk
                                           ; SOURCE LINE # 142
0135 D200        R     SETB    ikinci
0137         ?C0050:
                                           ; SOURCE LINE # 143
0137 3090FD            JNB     P1_0,?C0050
013A         ?C0051:
                                           ; SOURCE LINE # 144
013A         ?C0049:
                                           ; SOURCE LINE # 145
013A 20910E            JB      P1_1,?C0052
                                           ; SOURCE LINE # 146
013D 7F78              MOV     R7,#078H
013F 120000      R     LCALL   _lcddat
                                           ; SOURCE LINE # 147
0142 D200        R     SETB    carp
                                           ; SOURCE LINE # 148
0144 C200        R     CLR     ilk
                                           ; SOURCE LINE # 149
0146 D200        R     SETB    ikinci
0148         ?C0053:
                                           ; SOURCE LINE # 150
0148 3091FD            JNB     P1_1,?C0053
014B         ?C0054:
                                           ; SOURCE LINE # 151
014B         ?C0052:
                                           ; SOURCE LINE # 152
014B 20920E            JB      P1_2,?C0055
                                           ; SOURCE LINE # 153
014E 7F2D              MOV     R7,#02DH
0150 120000      R     LCALL   _lcddat
                                           ; SOURCE LINE # 154
0153 D200        R     SETB    cikar
                                           ; SOURCE LINE # 155
0155 C200        R     CLR     ilk
                                           ; SOURCE LINE # 156
0157 D200        R     SETB    ikinci
0159         ?C0056:
                                           ; SOURCE LINE # 157
0159 3092FD            JNB     P1_2,?C0056
015C         ?C0057:
                                           ; SOURCE LINE # 158
015C         ?C0055:
C51 COMPILER V9.56.0.0   CALC8051C                                                         09/06/2017 21:22:09 PAGE 16  

                                           ; SOURCE LINE # 159
015C 20930E            JB      P1_3,?C0048
                                           ; SOURCE LINE # 160
015F 7F2B              MOV     R7,#02BH
0161 120000      R     LCALL   _lcddat
                                           ; SOURCE LINE # 161
0164 D200        R     SETB    topla
                                           ; SOURCE LINE # 162
0166 C200        R     CLR     ilk
                                           ; SOURCE LINE # 163
0168 D200        R     SETB    ikinci
016A         ?C0059:
                                           ; SOURCE LINE # 164
016A 3093FD            JNB     P1_3,?C0059
016D         ?C0060:
                                           ; SOURCE LINE # 165
                                           ; SOURCE LINE # 166
016D         ?C0048:
                                           ; SOURCE LINE # 167
016D D297              SETB    P1_7
                                           ; SOURCE LINE # 168
016F 80A3              SJMP    ?C0046
             ; FUNCTION main (END)

             ; FUNCTION _yukle (BEGIN)
                                           ; SOURCE LINE # 171
0000 8F00        R     MOV     w,R7
                                           ; SOURCE LINE # 172
                                           ; SOURCE LINE # 173
0002 0500        R     INC     kontrol
                                           ; SOURCE LINE # 174
0004 E500        R     MOV     A,kontrol
0006 B4030C            CJNE    A,#03H,?C0064
0009 200009      R     JB      topla,?C0064
000C 200006      R     JB      cikar,?C0064
000F 200003      R     JB      carp,?C0064
0012 300012      R     JNB     bol,?C0063
0015         ?C0064:
0015 E500        R     MOV     A,kontrol
0017 6405              XRL     A,#05H
0019 7022              JNZ     ?C0062
001B 200009      R     JB      topla,?C0063
001E 200006      R     JB      cikar,?C0063
0021 200003      R     JB      carp,?C0063
0024 300016      R     JNB     bol,?C0062
0027         ?C0063:
                                           ; SOURCE LINE # 176
                                           ; SOURCE LINE # 178
0027 120000      R     LCALL   LCD_Hazirla
                                           ; SOURCE LINE # 179
002A 7BFF              MOV     R3,#0FFH
002C 7A00        R     MOV     R2,#HIGH ?SC_29
002E 7900        R     MOV     R1,#LOW ?SC_29
0030 120000      R     LCALL   _yazdir
                                           ; SOURCE LINE # 180
0033 7FC8              MOV     R7,#0C8H
0035 7E00              MOV     R6,#00H
0037 120000      R     LCALL   _delay
                                           ; SOURCE LINE # 181
003A 020000      R     LJMP    LCD_Hazirla
                                           ; SOURCE LINE # 182
003D         ?C0062:
C51 COMPILER V9.56.0.0   CALC8051C                                                         09/06/2017 21:22:09 PAGE 17  

003D 20000C      R     JB      ikinci,?C0067
0040 200009      R     JB      ilk,?C0067
                                           ; SOURCE LINE # 183
0043 750000      R     MOV     f1,#00H
0046 850000      R     MOV     f1+01H,w
                                           ; SOURCE LINE # 184
0049 D200        R     SETB    ilk
                                           ; SOURCE LINE # 185
004B 22                RET     
004C         ?C0067:
                                           ; SOURCE LINE # 186
004C 20001C      R     JB      ikinci,?C0069
004F 300019      R     JNB     ilk,?C0069
                                           ; SOURCE LINE # 187
0052 AE00        R     MOV     R6,f1
0054 AF00        R     MOV     R7,f1+01H
0056 7C00              MOV     R4,#00H
0058 7D0A              MOV     R5,#0AH
005A 120000      E     LCALL   ?C?IMUL
005D EF                MOV     A,R7
005E 2500        R     ADD     A,w
0060 F500        R     MOV     f1+01H,A
0062 EC                MOV     A,R4
0063 3E                ADDC    A,R6
0064 F500        R     MOV     f1,A
                                           ; SOURCE LINE # 188
0066 C200        R     CLR     ilk
                                           ; SOURCE LINE # 189
0068 D200        R     SETB    ikinci
                                           ; SOURCE LINE # 190
006A 22                RET     
006B         ?C0069:
                                           ; SOURCE LINE # 191
006B 30000E      R     JNB     ikinci,?C0071
006E 20000B      R     JB      ilk,?C0071
                                           ; SOURCE LINE # 192
0071 750000      R     MOV     s1,#00H
0074 850000      R     MOV     s1+01H,w
                                           ; SOURCE LINE # 193
0077 D200        R     SETB    ilk
                                           ; SOURCE LINE # 194
0079 D200        R     SETB    ikinci
                                           ; SOURCE LINE # 195
007B 22                RET     
007C         ?C0071:
007C 30001B      R     JNB     ikinci,?C0074
007F 300018      R     JNB     ilk,?C0074
                                           ; SOURCE LINE # 196
0082 AE00        R     MOV     R6,s1
0084 AF00        R     MOV     R7,s1+01H
0086 7C00              MOV     R4,#00H
0088 7D0A              MOV     R5,#0AH
008A 120000      E     LCALL   ?C?IMUL
008D EF                MOV     A,R7
008E 2500        R     ADD     A,w
0090 F500        R     MOV     s1+01H,A
0092 EC                MOV     A,R4
0093 3E                ADDC    A,R6
0094 F500        R     MOV     s1,A
                                           ; SOURCE LINE # 197
0096 C200        R     CLR     ilk
                                           ; SOURCE LINE # 198
C51 COMPILER V9.56.0.0   CALC8051C                                                         09/06/2017 21:22:09 PAGE 18  

0098 C200        R     CLR     ikinci
                                           ; SOURCE LINE # 199
                                           ; SOURCE LINE # 200
009A         ?C0074:
009A 22                RET     
             ; FUNCTION _yukle (END)

             ; FUNCTION _sonuc (BEGIN)
                                           ; SOURCE LINE # 201
0000 8E00        R     MOV     x,R6
0002 8F00        R     MOV     x+01H,R7
0004 8C00        R     MOV     y,R4
0006 8D00        R     MOV     y+01H,R5
                                           ; SOURCE LINE # 202
                                           ; SOURCE LINE # 203
0008 E4                CLR     A
0009 F500        R     MOV     binler,A
000B F500        R     MOV     binler+01H,A
                                           ; SOURCE LINE # 204
000D F500        R     MOV     yuzler,A
000F F500        R     MOV     yuzler+01H,A
                                           ; SOURCE LINE # 206
0011 30000C      R     JNB     topla,?C0075
0014 E500        R     MOV     A,y+01H
0016 2500        R     ADD     A,x+01H
0018 F500        R     MOV     x+01H,A
001A E500        R     MOV     A,y
001C 3500        R     ADDC    A,x
001E F500        R     MOV     x,A
0020         ?C0075:
                                           ; SOURCE LINE # 207
0020 30002B      R     JNB     cikar,?C0076
                                           ; SOURCE LINE # 208
0023 C3                CLR     C
0024 E500        R     MOV     A,x+01H
0026 9500        R     SUBB    A,y+01H
0028 E500        R     MOV     A,x
002A 9500        R     SUBB    A,y
002C 400E              JC      ?C0077
002E E500        R     MOV     A,x+01H
0030 9500        R     SUBB    A,y+01H
0032 F500        R     MOV     x+01H,A
0034 E500        R     MOV     A,x
0036 9500        R     SUBB    A,y
0038 F500        R     MOV     x,A
003A 8012              SJMP    ?C0076
003C         ?C0077:
                                           ; SOURCE LINE # 209
                                           ; SOURCE LINE # 210
003C C3                CLR     C
003D E500        R     MOV     A,y+01H
003F 9500        R     SUBB    A,x+01H
0041 F500        R     MOV     x+01H,A
0043 E500        R     MOV     A,y
0045 9500        R     SUBB    A,x
0047 F500        R     MOV     x,A
                                           ; SOURCE LINE # 211
0049 7F2D              MOV     R7,#02DH
004B 120000      R     LCALL   _lcddat
                                           ; SOURCE LINE # 212
                                           ; SOURCE LINE # 213
004E         ?C0076:
C51 COMPILER V9.56.0.0   CALC8051C                                                         09/06/2017 21:22:09 PAGE 19  

                                           ; SOURCE LINE # 214
004E 30000F      R     JNB     bol,?C0079
0051 AE00        R     MOV     R6,x
0053 AF00        R     MOV     R7,x+01H
0055 AC00        R     MOV     R4,y
0057 AD00        R     MOV     R5,y+01H
0059 120000      E     LCALL   ?C?UIDIV
005C 8E00        R     MOV     x,R6
005E 8F00        R     MOV     x+01H,R7
0060         ?C0079:
                                           ; SOURCE LINE # 215
0060 30000F      R     JNB     carp,?C0080
0063 AE00        R     MOV     R6,x
0065 AF00        R     MOV     R7,x+01H
0067 AC00        R     MOV     R4,y
0069 AD00        R     MOV     R5,y+01H
006B 120000      E     LCALL   ?C?IMUL
006E 8E00        R     MOV     x,R6
0070 8F00        R     MOV     x+01H,R7
0072         ?C0080:
                                           ; SOURCE LINE # 216
0072 D3                SETB    C
0073 E500        R     MOV     A,x+01H
0075 94E7              SUBB    A,#0E7H
0077 E500        R     MOV     A,x
0079 9403              SUBB    A,#03H
007B 403E              JC      ?C0081
                                           ; SOURCE LINE # 217
007D AE00        R     MOV     R6,x
007F AF00        R     MOV     R7,x+01H
0081 7C03              MOV     R4,#03H
0083 7DE8              MOV     R5,#0E8H
0085 120000      E     LCALL   ?C?UIDIV
0088 8E00        R     MOV     binler,R6
008A 8F00        R     MOV     binler+01H,R7
                                           ; SOURCE LINE # 218
008C AE00        R     MOV     R6,x
008E AF00        R     MOV     R7,x+01H
0090 7C03              MOV     R4,#03H
0092 7DE8              MOV     R5,#0E8H
0094 120000      E     LCALL   ?C?UIDIV
0097 8C00        R     MOV     yuzler,R4
0099 8D00        R     MOV     yuzler+01H,R5
                                           ; SOURCE LINE # 219
009B AE00        R     MOV     R6,yuzler
009D AF00        R     MOV     R7,yuzler+01H
009F 7C00              MOV     R4,#00H
00A1 7D64              MOV     R5,#064H
00A3 120000      E     LCALL   ?C?SIDIV
00A6 8C00        R     MOV     x,R4
00A8 8D00        R     MOV     x+01H,R5
                                           ; SOURCE LINE # 220
00AA AE00        R     MOV     R6,yuzler
00AC AF00        R     MOV     R7,yuzler+01H
00AE 7C00              MOV     R4,#00H
00B0 7D64              MOV     R5,#064H
00B2 120000      E     LCALL   ?C?SIDIV
00B5 8E00        R     MOV     yuzler,R6
00B7 8F00        R     MOV     yuzler+01H,R7
                                           ; SOURCE LINE # 221
00B9 8029              SJMP    ?C0082
00BB         ?C0081:
C51 COMPILER V9.56.0.0   CALC8051C                                                         09/06/2017 21:22:09 PAGE 20  

00BB D3                SETB    C
00BC E500        R     MOV     A,x+01H
00BE 9463              SUBB    A,#063H
00C0 E500        R     MOV     A,x
00C2 9400              SUBB    A,#00H
00C4 401E              JC      ?C0082
                                           ; SOURCE LINE # 222
00C6 AE00        R     MOV     R6,x
00C8 AF00        R     MOV     R7,x+01H
00CA 7C00              MOV     R4,#00H
00CC 7D64              MOV     R5,#064H
00CE 120000      E     LCALL   ?C?UIDIV
00D1 8E00        R     MOV     yuzler,R6
00D3 8F00        R     MOV     yuzler+01H,R7
                                           ; SOURCE LINE # 223
00D5 AE00        R     MOV     R6,x
00D7 AF00        R     MOV     R7,x+01H
00D9 7C00              MOV     R4,#00H
00DB 7D64              MOV     R5,#064H
00DD 120000      E     LCALL   ?C?UIDIV
00E0 8C00        R     MOV     x,R4
00E2 8D00        R     MOV     x+01H,R5
                                           ; SOURCE LINE # 224
00E4         ?C0082:
                                           ; SOURCE LINE # 225
00E4 AE00        R     MOV     R6,x
00E6 AF00        R     MOV     R7,x+01H
00E8 7C00              MOV     R4,#00H
00EA 7D0A              MOV     R5,#0AH
00EC 120000      E     LCALL   ?C?UIDIV
00EF 8C00        R     MOV     y,R4
00F1 8D00        R     MOV     y+01H,R5
                                           ; SOURCE LINE # 226
00F3 AE00        R     MOV     R6,x
00F5 AF00        R     MOV     R7,x+01H
00F7 7C00              MOV     R4,#00H
00F9 7D0A              MOV     R5,#0AH
00FB 120000      E     LCALL   ?C?UIDIV
00FE 8E00        R     MOV     x,R6
0100 8F00        R     MOV     x+01H,R7
                                           ; SOURCE LINE # 227
0102 7430              MOV     A,#030H
0104 2500        R     ADD     A,binler+01H
0106 F500        R     MOV     binler+01H,A
0108 E4                CLR     A
0109 3500        R     ADDC    A,binler
010B F500        R     MOV     binler,A
                                           ; SOURCE LINE # 228
010D 7430              MOV     A,#030H
010F 2500        R     ADD     A,yuzler+01H
0111 F500        R     MOV     yuzler+01H,A
0113 E4                CLR     A
0114 3500        R     ADDC    A,yuzler
0116 F500        R     MOV     yuzler,A
                                           ; SOURCE LINE # 229
0118 7430              MOV     A,#030H
011A 2500        R     ADD     A,x+01H
011C F500        R     MOV     x+01H,A
011E E4                CLR     A
011F 3500        R     ADDC    A,x
0121 F500        R     MOV     x,A
                                           ; SOURCE LINE # 230
C51 COMPILER V9.56.0.0   CALC8051C                                                         09/06/2017 21:22:09 PAGE 21  

0123 7430              MOV     A,#030H
0125 2500        R     ADD     A,y+01H
0127 F500        R     MOV     y+01H,A
0129 E4                CLR     A
012A 3500        R     ADDC    A,y
012C F500        R     MOV     y,A
                                           ; SOURCE LINE # 231
012E E500        R     MOV     A,binler+01H
0130 6430              XRL     A,#030H
0132 4500        R     ORL     A,binler
0134 6007              JZ      ?C0084
                                           ; SOURCE LINE # 232
0136 AF00        R     MOV     R7,binler+01H
0138 120000      R     LCALL   _lcddat
                                           ; SOURCE LINE # 233
                                           ; SOURCE LINE # 234
                                           ; SOURCE LINE # 235
013B 8008              SJMP    ?C0108
013D         ?C0084:
013D E500        R     MOV     A,yuzler+01H
013F 6430              XRL     A,#030H
0141 4500        R     ORL     A,yuzler
0143 6007              JZ      ?C0086
                                           ; SOURCE LINE # 236
0145         ?C0108:
0145 AF00        R     MOV     R7,yuzler+01H
0147 120000      R     LCALL   _lcddat
                                           ; SOURCE LINE # 237
                                           ; SOURCE LINE # 238
014A 8008              SJMP    ?C0109
014C         ?C0086:
014C E500        R     MOV     A,x+01H
014E 6430              XRL     A,#030H
0150 4500        R     ORL     A,x
0152 6005              JZ      ?C0085
0154         ?C0109:
0154 AF00        R     MOV     R7,x+01H
0156 120000      R     LCALL   _lcddat
0159         ?C0085:
                                           ; SOURCE LINE # 239
0159 AF00        R     MOV     R7,y+01H
015B 020000      R     LJMP    _lcddat
             ; FUNCTION _sonuc (END)

             ; FUNCTION L?0110 (BEGIN)
0000         L?0111:
0000 120000      R     LCALL   _lcdcmd
0003         L?0112:
0003 7F01              MOV     R7,#01H
0005 7E00              MOV     R6,#00H
             ; FUNCTION _delay (BEGIN)
                                           ; SOURCE LINE # 241
;---- Variable 'k' assigned to Register 'R6/R7' ----
                                           ; SOURCE LINE # 242
                                           ; SOURCE LINE # 244
;---- Variable 'i' assigned to Register 'R4/R5' ----
0007 E4                CLR     A
0008 FD                MOV     R5,A
0009 FC                MOV     R4,A
000A         ?C0090:
000A C3                CLR     C
000B ED                MOV     A,R5
C51 COMPILER V9.56.0.0   CALC8051C                                                         09/06/2017 21:22:09 PAGE 22  

000C 9F                SUBB    A,R7
000D EE                MOV     A,R6
000E 6480              XRL     A,#080H
0010 F8                MOV     R0,A
0011 EC                MOV     A,R4
0012 6480              XRL     A,#080H
0014 98                SUBB    A,R0
0015 5015              JNC     ?C0096
                                           ; SOURCE LINE # 245
;---- Variable 'j' assigned to Register 'R2/R3' ----
0017 E4                CLR     A
0018 FB                MOV     R3,A
0019 FA                MOV     R2,A
001A         ?C0093:
001A 0B                INC     R3
001B BB0001            CJNE    R3,#00H,?C0105
001E 0A                INC     R2
001F         ?C0105:
001F BA04F8            CJNE    R2,#04H,?C0093
0022 BBFBF5            CJNE    R3,#0FBH,?C0093
0025         ?C0092:
0025 0D                INC     R5
0026 BD0001            CJNE    R5,#00H,?C0106
0029 0C                INC     R4
002A         ?C0106:
002A 80DE              SJMP    ?C0090
                                           ; SOURCE LINE # 246
002C         ?C0096:
002C 22                RET     
             ; FUNCTION _delay (END)

             ; FUNCTION _lcdcmd (BEGIN)
                                           ; SOURCE LINE # 247
;---- Variable 'val' assigned to Register 'R7' ----
                                           ; SOURCE LINE # 248
                                           ; SOURCE LINE # 249
0000 8FB0              MOV     P3,R7
                                           ; SOURCE LINE # 250
0002 C2A5              CLR     P2_5
                                           ; SOURCE LINE # 251
0004 C2A6              CLR     P2_6
                                           ; SOURCE LINE # 252
0006 D2A7              SETB    P2_7
                                           ; SOURCE LINE # 253
0008 120000      R     LCALL   L?0112
                                           ; SOURCE LINE # 254
000B C2A7              CLR     P2_7
                                           ; SOURCE LINE # 255
000D 22                RET     
             ; FUNCTION _lcdcmd (END)

             ; FUNCTION _lcddat (BEGIN)
                                           ; SOURCE LINE # 256
;---- Variable 'val' assigned to Register 'R7' ----
                                           ; SOURCE LINE # 257
                                           ; SOURCE LINE # 258
0000 8FB0              MOV     P3,R7
                                           ; SOURCE LINE # 259
0002 D2A5              SETB    P2_5
                                           ; SOURCE LINE # 260
0004 C2A6              CLR     P2_6
                                           ; SOURCE LINE # 261
C51 COMPILER V9.56.0.0   CALC8051C                                                         09/06/2017 21:22:09 PAGE 23  

0006 D2A7              SETB    P2_7
                                           ; SOURCE LINE # 262
0008 120000      R     LCALL   L?0112
                                           ; SOURCE LINE # 263
000B C2A7              CLR     P2_7
                                           ; SOURCE LINE # 264
000D 22                RET     
             ; FUNCTION _lcddat (END)

             ; FUNCTION LCD_Hazirla (BEGIN)
                                           ; SOURCE LINE # 265
                                           ; SOURCE LINE # 266
                                           ; SOURCE LINE # 267
0000 E4                CLR     A
0001 F5B0              MOV     P3,A
                                           ; SOURCE LINE # 268
0003 7F38              MOV     R7,#038H
                                           ; SOURCE LINE # 269
0005 120000      R     LCALL   L?0110
                                           ; SOURCE LINE # 270
                                           ; SOURCE LINE # 271
0008 120000      R     LCALL   L?0110
                                           ; SOURCE LINE # 272
000B 7F10              MOV     R7,#010H
                                           ; SOURCE LINE # 273
000D 120000      R     LCALL   L?0111
                                           ; SOURCE LINE # 274
0010 7F0F              MOV     R7,#0FH
                                           ; SOURCE LINE # 275
0012 120000      R     LCALL   L?0111
                                           ; SOURCE LINE # 276
0015 7F80              MOV     R7,#080H
0017 120000      R     LCALL   _lcdcmd
                                           ; SOURCE LINE # 277
001A 020000      R     LJMP    sifirla
             ; FUNCTION LCD_Hazirla (END)

             ; FUNCTION _yazdir (BEGIN)
                                           ; SOURCE LINE # 279
0000 8B00        R     MOV     s,R3
0002 8A00        R     MOV     s+01H,R2
0004 8900        R     MOV     s+02H,R1
                                           ; SOURCE LINE # 280
                                           ; SOURCE LINE # 281
0006 E4                CLR     A
0007 F500        R     MOV     p,A
0009 F500        R     MOV     p+01H,A
                                           ; SOURCE LINE # 282
000B         ?C0100:
000B AB00        R     MOV     R3,s
000D AA00        R     MOV     R2,s+01H
000F A900        R     MOV     R1,s+02H
0011 850082      R     MOV     DPL,p+01H
0014 850083      R     MOV     DPH,p
0017 120000      E     LCALL   ?C?CLDOPTR
001A FF                MOV     R7,A
001B 600D              JZ      ?C0103
                                           ; SOURCE LINE # 283
001D 120000      R     LCALL   _lcddat
0020 0500        R     INC     p+01H
0022 E500        R     MOV     A,p+01H
0024 70E5              JNZ     ?C0100
C51 COMPILER V9.56.0.0   CALC8051C                                                         09/06/2017 21:22:09 PAGE 24  

0026 0500        R     INC     p
0028         ?C0107:
0028 80E1              SJMP    ?C0100
                                           ; SOURCE LINE # 284
002A         ?C0103:
002A 22                RET     
             ; FUNCTION _yazdir (END)

             ; FUNCTION sifirla (BEGIN)
                                           ; SOURCE LINE # 285
                                           ; SOURCE LINE # 286
0000 C200        R     CLR     ilk
                                           ; SOURCE LINE # 287
0002 C200        R     CLR     ikinci
                                           ; SOURCE LINE # 288
0004 C200        R     CLR     topla
                                           ; SOURCE LINE # 289
0006 C200        R     CLR     cikar
                                           ; SOURCE LINE # 290
0008 C200        R     CLR     carp
                                           ; SOURCE LINE # 291
000A C200        R     CLR     bol
                                           ; SOURCE LINE # 292
000C C200        R     CLR     esit
                                           ; SOURCE LINE # 293
000E C200        R     CLR     son
                                           ; SOURCE LINE # 294
0010 E4                CLR     A
0011 F500        R     MOV     f1,A
0013 F500        R     MOV     f1+01H,A
                                           ; SOURCE LINE # 295
0015 F500        R     MOV     s1,A
0017 F500        R     MOV     s1+01H,A
                                           ; SOURCE LINE # 296
0019 F500        R     MOV     kontrol,A
                                           ; SOURCE LINE # 298
001B 22                RET     
             ; FUNCTION sifirla (END)

C51 COMPILER V9.56.0.0   CALC8051C                                                         09/06/2017 21:22:09 PAGE 25  

NAME                                    CLASS   MSPACE  TYPE    OFFSET  SIZE
====                                    =====   ======  ====    ======  ====


P0 . . . . . . . . . . . . . . . . . .  SFR      DATA   U_CHAR   0080H  1
P1 . . . . . . . . . . . . . . . . . .  SFR      DATA   U_CHAR   0090H  1
P2 . . . . . . . . . . . . . . . . . .  SFR      DATA   U_CHAR   00A0H  1
P3 . . . . . . . . . . . . . . . . . .  SFR      DATA   U_CHAR   00B0H  1
LCD_Hazirla. . . . . . . . . . . . . .  PUBLIC   CODE   PROC     0000H  -----
P4 . . . . . . . . . . . . . . . . . .  SFR      DATA   U_CHAR   00C0H  1
cikar. . . . . . . . . . . . . . . . .  PUBLIC   DATA   BIT      0000H  1
kontrol. . . . . . . . . . . . . . . .  PUBLIC   DATA   U_CHAR   0000H  1
IE . . . . . . . . . . . . . . . . . .  SFR      DATA   U_CHAR   00A8H  1
P1_0 . . . . . . . . . . . . . . . . .  ABSBIT   -----  BIT      0090H  1
_delay . . . . . . . . . . . . . . . .  PUBLIC   CODE   PROC     0007H  -----
  k. . . . . . . . . . . . . . . . . .  * REG *  DATA   INT      0006H  2
  i. . . . . . . . . . . . . . . . . .  * REG *  DATA   INT      0004H  2
  j. . . . . . . . . . . . . . . . . .  * REG *  DATA   INT      0002H  2
P1_1 . . . . . . . . . . . . . . . . .  ABSBIT   -----  BIT      0091H  1
size_t . . . . . . . . . . . . . . . .  TYPEDEF  -----  U_INT    -----  2
P1_2 . . . . . . . . . . . . . . . . .  ABSBIT   -----  BIT      0092H  1
P1_3 . . . . . . . . . . . . . . . . .  ABSBIT   -----  BIT      0093H  1
P1_4 . . . . . . . . . . . . . . . . .  ABSBIT   -----  BIT      0094H  1
P1_5 . . . . . . . . . . . . . . . . .  ABSBIT   -----  BIT      0095H  1
f1 . . . . . . . . . . . . . . . . . .  PUBLIC   DATA   U_INT    0001H  2
_yazdir. . . . . . . . . . . . . . . .  PUBLIC   CODE   PROC     0000H  -----
  s. . . . . . . . . . . . . . . . . .  AUTO     DATA   PTR      0000H  3
  p. . . . . . . . . . . . . . . . . .  AUTO     DATA   U_INT    0003H  2
P2_5 . . . . . . . . . . . . . . . . .  ABSBIT   -----  BIT      00A5H  1
P1_6 . . . . . . . . . . . . . . . . .  ABSBIT   -----  BIT      0096H  1
P2_6 . . . . . . . . . . . . . . . . .  ABSBIT   -----  BIT      00A6H  1
P1_7 . . . . . . . . . . . . . . . . .  ABSBIT   -----  BIT      0097H  1
P2_7 . . . . . . . . . . . . . . . . .  ABSBIT   -----  BIT      00A7H  1
topla. . . . . . . . . . . . . . . . .  PUBLIC   DATA   BIT      0001H  1
s1 . . . . . . . . . . . . . . . . . .  PUBLIC   DATA   U_INT    0003H  2
CCON . . . . . . . . . . . . . . . . .  SFR      DATA   U_CHAR   00D8H  1
main . . . . . . . . . . . . . . . . .  PUBLIC   CODE   PROC     0000H  -----
carp . . . . . . . . . . . . . . . . .  PUBLIC   DATA   BIT      0002H  1
_sonuc . . . . . . . . . . . . . . . .  PUBLIC   CODE   PROC     0000H  -----
  x. . . . . . . . . . . . . . . . . .  AUTO     DATA   U_INT    0000H  2
  y. . . . . . . . . . . . . . . . . .  AUTO     DATA   U_INT    0002H  2
  binler . . . . . . . . . . . . . . .  AUTO     DATA   INT      0004H  2
  yuzler . . . . . . . . . . . . . . .  AUTO     DATA   INT      0006H  2
_yukle . . . . . . . . . . . . . . . .  PUBLIC   CODE   PROC     0000H  -----
  w. . . . . . . . . . . . . . . . . .  AUTO     DATA   U_CHAR   0000H  1
SCON . . . . . . . . . . . . . . . . .  SFR      DATA   U_CHAR   0098H  1
TCON . . . . . . . . . . . . . . . . .  SFR      DATA   U_CHAR   0088H  1
esit . . . . . . . . . . . . . . . . .  PUBLIC   DATA   BIT      0003H  1
bol. . . . . . . . . . . . . . . . . .  PUBLIC   DATA   BIT      0004H  1
ilk. . . . . . . . . . . . . . . . . .  PUBLIC   DATA   BIT      0005H  1
son. . . . . . . . . . . . . . . . . .  PUBLIC   DATA   BIT      0006H  1
IPL. . . . . . . . . . . . . . . . . .  SFR      DATA   U_CHAR   00B8H  1
T2CON. . . . . . . . . . . . . . . . .  SFR      DATA   U_CHAR   00C8H  1
_lcdcmd. . . . . . . . . . . . . . . .  PUBLIC   CODE   PROC     0000H  -----
  val. . . . . . . . . . . . . . . . .  * REG *  DATA   U_CHAR   0007H  1
sifirla. . . . . . . . . . . . . . . .  PUBLIC   CODE   PROC     0000H  -----
_lcddat. . . . . . . . . . . . . . . .  PUBLIC   CODE   PROC     0000H  -----
  val. . . . . . . . . . . . . . . . .  * REG *  DATA   U_CHAR   0007H  1
ikinci . . . . . . . . . . . . . . . .  PUBLIC   DATA   BIT      0007H  1
PSW. . . . . . . . . . . . . . . . . .  SFR      DATA   U_CHAR   00D0H  1


C51 COMPILER V9.56.0.0   CALC8051C                                                         09/06/2017 21:22:09 PAGE 26  

MODULE INFORMATION:   STATIC OVERLAYABLE
   CODE SIZE        =   1047    ----
   CONSTANT SIZE    =     45    ----
   XDATA SIZE       =   ----    ----
   PDATA SIZE       =   ----    ----
   DATA SIZE        =      5      14
   IDATA SIZE       =   ----    ----
   BIT SIZE         =      8    ----
END OF MODULE INFORMATION.


C51 COMPILATION COMPLETE.  0 WARNING(S),  0 ERROR(S)
